// Jest Snapshot v1, https://goo.gl/fbAQLP

exports[`matches its snapshot 1`] = `
<DocumentFragment>
  <div>
    This is header?
  </div>
</DocumentFragment>
`;
